// Jest Snapshot v1, https://goo.gl/fbAQLP

exports[`Home should render correctly 1`] = `
<View
  style={
    Object {
      "alignItems": "center",
      "backgroundColor": "#fff",
      "flex": 1,
      "justifyContent": "center",
    }
  }
>
  <Text
    style={
      Object {
        "fontSize": 40,
        "fontWeight": "bold",
        "marginBottom": 20,
      }
    }
    testID="title"
  >
    Chinch√≥n
  </Text>
  <View
    accessible={true}
    collapsable={false}
    focusable={true}
    onBlur={[Function]}
    onClick={[Function]}
    onFocus={[Function]}
    onResponderGrant={[Function]}
    onResponderMove={[Function]}
    onResponderRelease={[Function]}
    onResponderTerminate={[Function]}
    onResponderTerminationRequest={[Function]}
    onStartShouldSetResponder={[Function]}
    style={
      Object {
        "backgroundColor": "#000",
        "borderRadius": 5,
        "marginTop": 10,
        "padding": 10,
      }
    }
    testID="new-game"
  >
    <Text
      style={
        Object {
          "color": "#fff",
          "fontSize": 20,
        }
      }
    >
      Nueva partida
    </Text>
  </View>
</View>
`;
